SUMMARIZED

1. Fix HTTP status codes - Add proper method validation and error handling
2. Fix path resolution - Non-existent paths should return 404, not redirect
3. Implement method restrictions - Check configuration and return 405/403 for restricted methods
4. Fix CGI POST handling - Ensure POST data reaches CGI scripts
5. Implement body size limits - Check request body size against configuration
6. Setup multiple servers - Configure and bind to multiple ports




🟩🟩🟩🟩🟩🟩🟩🟩🟩🟩🟩🟩🟩🟩./test_browser.sh
🔍 Testing: 404 error page
Command: curl -s -H 'User-Agent: Mozilla/5.0' http://localhost:80/wrong-url.html -w '%{http_code}'
❌ FAIL
Output: 302

🟩🟩🟩🟩🟩🟩🟩🟩🟩🟩🟩🟩🟩🟩./test_cgi.sh
🔍 Testing: PHP CGI POST
Command: curl -s -X POST -d 'postdata=hello' http://localhost:80/api/test_params.php
❌ FAIL
Output:

🟩🟩🟩🟩🟩🟩🟩🟩🟩🟩🟩🟩🟩🟩./test_config.sh
📋 Test 3: Default error page (404)

🔍 Testing: Custom 404 error page
Command: curl -s http://localhost:80/nonexistent-file.html
❌ FAIL
Output: 

📋 Test 4: Client body limit

🔍 Testing: Body size limit test
Command: curl -s -X POST -H 'Content-Type: text/plain' --data 'THIS_IS_A_VERY_LONG_BODY_THAT_EXCEEDS_THE_LIMIT_AAAAAAAAAAAAAAAAAAAAAAAAAAAAAAAAAAAAAAAAAAAAAAAAAAAAAAAAAAAAAAAAAAAAAAAAAAAAAAAAAAAAAAAAAAAAAAAAAAAAAAAAAAAAAAAAAAAAAAAAAAAAAAAAAAAAAAAAAAAAAAAAAAAAAAAAAAAAAAAAAAAAAAAAAAAAAAAAAAAAAAAAAAAAAAAAAAAAAAAAAAAAAAAAAAAAAAAAAAAAAAAAAAAAAAAAAAAAAAAAAAAAAAAAAAAAAAAAAAAAAAAAAAAAAAAAAAAAAAAAAAAAAAAAAAAAAAAAAAAAAAAAAAAAAAAAAAAAAAAAAAAAAAAAAAAAAAAAAAAAAAAAAAAAAAAAAAAAAAAAAAAAAAAAAAAAAAAAAAAAAAAAAAAAAAAAAAAAAAAAAAAAAAAAAAAAAAAAAAAAAAAAAAAAAAAAAAAAAAAAAAAAAAAAAAAAAAAAAAAAAAAAAAAAAAAAAAAAAAAAAAAAAAAAAAAAAAAAAAAAAAAAAAAAAAAA' http://localhost:80/api/ -w '%{http_code}'
❌ FAIL
Output: 200
🔍 Testing: DELETE method restriction
Command: curl -s -X DELETE http://localhost:80/api/test.html -w '%{http_code}'
❌ FAIL
Output: 200

🟩🟩🟩🟩🟩🟩🟩🟩🟩🟩🟩🟩🟩🟩./test_http_methods.s
🔍 Testing: UNKNOWN method
Command: curl -s -X UNKNOWN http://localhost:80/api/ -w '%{http_code}'
❌ FAIL
Output: <!DOCTYPE html>
<html lang="en">
<head>
  <meta charset="UTF-8">
  <title>404 Not Found Default</title>
  <style>
    body {
      background-color: #f8f8f8;
      color: #333;
      font-family: Arial, sans-serif;
      text-align: center;
      padding-top: 10%;
    }
    h1 {
      font-size: 72px;
      margin-bottom: 0;
    }
    h2 {
      font-size: 24px;
      color: #666;
    }
    p {
      font-size: 18px;
      color: #888;
    }
  </style>
</head>
<body>
  <h1>404</h1>
  <h2>Not found</h2>
</body>
</html>
404

🟩🟩🟩🟩🟩🟩🟩🟩🟩🟩🟩🟩🟩🟩./test_ports
🔍 Testing: Port 8080 accessibility
Command: curl -s --connect-timeout 3 http://localhost:8080/ -w '%{http_code}'
❌ FAIL
Output: 000

🔍 Testing: Port 8081 accessibility
Command: curl -s --connect-timeout 3 http://localhost:8081/ -w '%{http_code}'
❌ FAIL
Output: 000

./test_stress.sh
📋 Test 3: Connection Handling
Testing with many concurrent connections...
Transactions: 451
Failed: 49
❌ FAIL - 49 failed connections

🟩🟩🟩🟩🟩🟩🟩🟩🟩🟩🟩🟩🟩🟩./test_redirection.sh
🔍 Testing: 403 Not Found Default
Command: curl -s -H "Host: example.com" http://localhost:80/api/permissionDenied.html -i
❌ FAIL
Exit code: 0
Output: HTTP/1.1 200 OK
Content-Type: text/html; charset=UTF-8
Content-Length: 53
🔍 Testing: 403 Not Found Default
Command: curl -s -H "Host: example.com" http://localhost:80/api/permissionDenied.html -i
❌ FAIL
Exit code: 0
Output: HTTP/1.1 200 OK
Content-Type: text/html; charset=UTF-8
Content-Length: 53
🔍 Testing: 403 Not Found Default
Command: curl -s -H "Host: example.com" http://localhost:80/api/permissionDenied.html -i
❌ FAIL
Exit code: 0
Output: HTTP/1.1 200 OK
Content-Type: text/html; charset=UTF-8
Content-Length: 53
🔍 Testing: 403 Not Found Default
Command: curl -s -H "Host: example.com" http://localhost:80/api/permissionDenied.html -i
❌ FAIL
Exit code: 0
Output: HTTP/1.1 200 OK
Content-Type: text/html; charset=UTF-8
Content-Length: 53
🔍 Testing: 403 Not Found Default
Command: curl -s -H "Host: example.com" http://localhost:80/api/permissionDenied.html -i
❌ FAIL
Exit code: 0
Output: HTTP/1.1 200 OK
Content-Type: text/html; charset=UTF-8
Content-Length: 53
🔍 Testing: 403 Not Found Default
Command: curl -s -H "Host: example.com" http://localhost:80/api/permissionDenied.html -i
❌ FAIL
Exit code: 0
Output: HTTP/1.1 200 OK
Content-Type: text/html; charset=UTF-8
Content-Length: 53
 Testing: 403 Not Found Default
Command: curl -s -H "Host: example.com" http://localhost:80/api/permissionDenied.html -i
❌ FAIL
Exit code: 0
Output: HTTP/1.1 200 OK
Content-Type: text/html; charset=UTF-8
Content-Length: 53
🔍 Testing: 403 Not Found Default
Command: curl -s -H "Host: example.com" http://localhost:80/api/permissionDenied.html -i
❌ FAIL
Exit code: 0
Output: HTTP/1.1 200 OK
Content-Type: text/html; charset=UTF-8
Content-Length: 53
🔍 Testing: 403 Not Found Default
Command: curl -s -H "Host: example.com" http://localhost:80/api/permissionDenied.html -i
❌ FAIL
Exit code: 0
Output: HTTP/1.1 200 OK
Content-Type: text/html; charset=UTF-8
Content-Length: 53
🔍 Testing: 403 Not Found Default
Command: curl -s -H "Host: example.com" http://localhost:80/api/permissionDenied.html -i
❌ FAIL
Exit code: 0
Output: HTTP/1.1 200 OK
Content-Type: text/html; charset=UTF-8
Content-Length: 53

<html><body><h1>Permission Denied</h1></body></html>
./test_redirection.sh: line 118: 1759367757N: value too great for base (error token is "1759367757N")

📊 Test Results Summary
=======================
Passed: 120
Failed: 10
Total:  130